<?xml version="1.0" encoding="UTF-8" ?>
<testsuites name="vitest tests" tests="4" failures="0" errors="0" time="0.309821864">
    <testsuite name="test/hooks/useFetchGifs.test.js" timestamp="2025-06-03T13:45:19.423Z" hostname="wilfredo-Serval-WS" tests="4" failures="0" errors="0" skipped="0" time="0.309821864">
        <testcase classname="test/hooks/useFetchGifs.test.js" name="useFetchGifs hook &gt; should return the correct initial state" time="0.05756593">
        </testcase>
        <testcase classname="test/hooks/useFetchGifs.test.js" name="useFetchGifs hook &gt; should call getGifs with the category on mount and update state on success" time="0.061336992">
        </testcase>
        <testcase classname="test/hooks/useFetchGifs.test.js" name="useFetchGifs hook &gt; should set isLoading to false even if getGifs returns an empty array" time="0.057568815">
        </testcase>
        <testcase classname="test/hooks/useFetchGifs.test.js" name="useFetchGifs hook &gt; should recall getGifs if the category changes" time="0.125190931">
        </testcase>
    </testsuite>
</testsuites>
